---
apiVersion: kafka.strimzi.io/v1beta2
kind: KafkaBridge
metadata:
  name: my-bridge
spec:
  replicas: 1
  bootstrapServers: my-cluster-kafka-bootstrap:9092
  http:
    port: 8080
  logging:
    type: external
    valueFrom:
      configMapKeyRef:
        key: log4j2.properties
        name: my-config-map
 