---
apiVersion: kafka.strimzi.io/v1beta2
kind: KafkaConnectS2I
metadata:
  name: my-connect-cluster
  annotations:
    strimzi.io/use-connector-resources: "true"
spec:
  version: 2.7.0
  replicas: 1
  bootstrapServers: my-cluster-kafka-bootstrap:9093
  tls:
    trustedCertificates:
    - secretName: my-cluster-cluster-ca-cert
      certificate: ca.crt
  config:
    group.id: connect-cluster
    offset.storage.topic: connect-cluster-offsets
    config.storage.topic: connect-cluster-configs
    status.storage.topic: connect-cluster-status
  metricsConfig:
    type: jmxPrometheusExporter
    valueFrom:
      configMapKeyRef:
        key: my-connect-cluster-connect-s2i-jmx-exporter-configuration.yaml
        name: my-connect-cluster-connect-s2i-jmx-exporter-configuration
---
apiVersion: v1
kind: ConfigMap
metadata:
  name: my-connect-cluster-connect-s2i-jmx-exporter-configuration
data:
  my-connect-cluster-connect-s2i-jmx-exporter-configuration.yaml: |
    some: "config"
    someOther: "config"