---
apiVersion: kafka.strimzi.io/v1beta2
kind: Kafka
metadata:
  name: my-cluster
spec:
  kafka:
    version: 2.7.0
    replicas: 3
    listeners:
    - name: plain
      port: 9092
      type: internal
      tls: false
    - name: tls
      port: 9093
      type: internal
      tls: true
    config:
      offsets.topic.replication.factor: 3
      transaction.state.log.replication.factor: 3
      transaction.state.log.min.isr: 2
      log.message.format.version: 2.7
      inter.broker.protocol.version: 2.7
    storage:
      volumes:
      - type: persistent-claim
        size: 100Gi
        id: 0
      type: jbod
    metricsConfig:
      type: jmxPrometheusExporter
      valueFrom:
        configMapKeyRef:
          key: my-cluster-kafka-jmx-exporter-configuration.yaml
          name: my-cluster-kafka-jmx-exporter-configuration
  zookeeper:
    replicas: 3
    storage:
      type: persistent-claim
      size: 100Gi
    metricsConfig:
      type: jmxPrometheusExporter
      valueFrom:
        configMapKeyRef:
          key: my-cluster-zookeeper-jmx-exporter-configuration.yaml
          name: my-cluster-zookeeper-jmx-exporter-configuration
  entityOperator:
    topicOperator: {}
    userOperator: {}
  cruiseControl:
    metricsConfig:
      type: jmxPrometheusExporter
      valueFrom:
        configMapKeyRef:
          key: my-cluster-cruise-control-jmx-exporter-configuration.yaml
          name: my-cluster-cruise-control-jmx-exporter-configuration
---
apiVersion: v1
kind: ConfigMap
metadata:
  name: my-cluster-kafka-jmx-exporter-configuration
data:
  my-cluster-kafka-jmx-exporter-configuration.yaml: |
    some: "configKafka"
    someOther: "configKafka"
---
apiVersion: v1
kind: ConfigMap
metadata:
  name: my-cluster-zookeeper-jmx-exporter-configuration
data:
  my-cluster-zookeeper-jmx-exporter-configuration.yaml: |
    some: "configZoo"
    someOther: "configZoo"
---
apiVersion: v1
kind: ConfigMap
metadata:
  name: my-cluster-cruise-control-jmx-exporter-configuration
data:
  my-cluster-cruise-control-jmx-exporter-configuration.yaml: |
    some: "configCC"
    someOther: "configCC"