---
apiVersion: kafka.strimzi.io/v1beta2
kind: KafkaMirrorMaker
metadata:
  name: my-mirror-maker
spec:
  version: 2.7.0
  replicas: 1
  consumer:
    bootstrapServers: my-source-cluster-kafka-bootstrap:9093
    groupId: my-source-group-id
    tls:
      trustedCertificates:
      - secretName: my-source-cluster-cluster-ca-cert
        certificate: ca.crt
  producer:
    bootstrapServers: my-target-cluster-kafka-bootstrap:9093
    tls:
      trustedCertificates:
      - secretName: my-target-cluster-cluster-ca-cert
        certificate: ca.crt
  whitelist: .*
  metricsConfig:
    type: jmxPrometheusExporter
    valueFrom:
      configMapKeyRef:
        key: my-mirror-maker-mirror-maker-jmx-exporter-configuration.yaml
        name: my-mirror-maker-mirror-maker-jmx-exporter-configuration
---
apiVersion: v1
kind: ConfigMap
metadata:
  name: my-mirror-maker-mirror-maker-jmx-exporter-configuration
data:
  my-mirror-maker-mirror-maker-jmx-exporter-configuration.yaml: |
    some: "config"
    someOther: "config"
