---
apiVersion: v1
data:
  username: YWRtaW4=
  password: MWYyZDFlMmU2N2Rm
kind: Secret
metadata:
  name: mysecret
type: Opaque
---
apiVersion: kafka.strimzi.io/v1beta2
kind: KafkaUser
metadata:
  name: my-connect
  labels:
    strimzi.io/cluster: my-cluster
spec:
  authentication:
    type: tls
  authorization:
    type: simple
    acls:
    - resource:
        type: group
        name: connect-cluster
      operation: Read
    - resource:
        type: topic
        name: connect-cluster-configs
      operation: Read
    - resource:
        type: topic
        name: connect-cluster-configs
      operation: Describe
    - resource:
        type: topic
        name: connect-cluster-configs
      operation: Write
    - resource:
        type: topic
        name: connect-cluster-configs
      operation: Create
    - resource:
        type: topic
        name: connect-cluster-status
      operation: Read
    - resource:
        type: topic
        name: connect-cluster-status
      operation: Describe
    - resource:
        type: topic
        name: connect-cluster-status
      operation: Write
    - resource:
        type: topic
        name: connect-cluster-status
      operation: Create
    - resource:
        type: topic
        name: connect-cluster-offsets
      operation: Read
    - resource:
        type: topic
        name: connect-cluster-offsets
      operation: Write
    - resource:
        type: topic
        name: connect-cluster-offsets
      operation: Describe
    - resource:
        type: topic
        name: connect-cluster-offsets
      operation: Create
    - resource:
        type: group
        name: connect-cluster
      operation: Read
    - resource:
        type: topic
        name: my-topic
      operation: Read
    - resource:
        type: topic
        name: my-topic
      operation: Describe
    - resource:
        type: topic
        name: my-topic
      operation: Write
    - resource:
        type: topic
        name: my-topic
      operation: Create
---
apiVersion: kafka.strimzi.io/v1beta2
kind: KafkaConnect
metadata:
  name: my-connect
spec:
  version: 2.7.0
  replicas: 1
  bootstrapServers: my-cluster-kafka-bootstrap:9093
  tls:
    trustedCertificates:
    - secretName: my-cluster-cluster-ca-cert
      certificate: ca.crt
  authentication:
    certificateAndKey:
      secretName: my-connect
      certificate: user.crt
      key: user.key
    type: tls
  config:
    group.id: connect-cluster
    offset.storage.topic: connect-cluster-offsets
    config.storage.topic: connect-cluster-configs
    status.storage.topic: connect-cluster-status
  metricsConfig:
    type: jmxPrometheusExporter
    valueFrom:
      configMapKeyRef:
        key: my-connect-connect-jmx-exporter-configuration.yaml
        name: my-connect-connect-jmx-exporter-configuration
---
apiVersion: v1
kind: ConfigMap
metadata:
  name: my-connect-connect-jmx-exporter-configuration
data:
  my-connect-connect-jmx-exporter-configuration.yaml: |
    lowercaseOutputName: true
    lowercaseOutputLabelNames: true
    rules:
    - pattern: "kafka.(.+)<type=app-info, client-id=(.+)><>start-time-ms"
      name: "kafka_$1_start_time_seconds"
      labels:
        clientId: "$2"
      help: "Kafka $1 JMX metric start time seconds"
      type: "GAUGE"
      valueFactor: 0.001
    - pattern: "kafka.(.+)<type=app-info, client-id=(.+)><>(commit-id|version): (.+)"
      name: "kafka_$1_$3_info"
      value: 1
      labels:
        clientId: "$2"
        $3: "$4"
      help: "Kafka $1 JMX metric info version and commit-id"
      type: "GAUGE"
    - pattern: "kafka.(.+)<type=(.+)-metrics, client-id=(.+), topic=(.+), partition=(.+)><>(.+-total|compression-rate|.+-avg|.+-replica|.+-lag|.+-lead)"
      name: "kafka_$2_$6"
      labels:
        clientId: "$3"
        topic: "$4"
        partition: "$5"
      help: "Kafka $1 JMX metric type $2"
      type: "GAUGE"
    - pattern: "kafka.(.+)<type=(.+)-metrics, client-id=(.+), topic=(.+)><>(.+-total|compression-rate|.+-avg)"
      name: "kafka_$2_$5"
      labels:
        clientId: "$3"
        topic: "$4"
      help: "Kafka $1 JMX metric type $2"
      type: "GAUGE"
    - pattern: "kafka.(.+)<type=(.+)-metrics, client-id=(.+), node-id=(.+)><>(.+-total|.+-avg)"
      name: "kafka_$2_$5"
      labels:
        clientId: "$3"
        nodeId: "$4"
      help: "Kafka $1 JMX metric type $2"
      type: "UNTYPED"
    - pattern: "kafka.(.+)<type=(.+)-metrics, client-id=(.*)><>(.+-total|.+-avg|.+-bytes|.+-count|.+-ratio|.+-age|.+-flight|.+-threads|.+-connectors|.+-tasks|.+-ago)"
      name: "kafka_$2_$4"
      labels:
        clientId: "$3"
      help: "Kafka $1 JMX metric type $2"
      type: "GAUGE"
    - pattern: "kafka.connect<type=connector-task-metrics, connector=(.+), task=(.+)><>status:\
        \ ([a-z-]+)"
      name: "kafka_connect_connector_status"
      value: 1
      labels:
        connector: "$1"
        task: "$2"
        status: "$3"
      help: "Kafka Connect JMX Connector status"
      type: "GAUGE"
    - pattern: "kafka.connect<type=(.+)-metrics, connector=(.+), task=(.+)><>(.+-total|.+-count|.+-ms|.+-ratio|.+-avg|.+-failures|.+-requests|.+-timestamp|.+-logged|.+-errors|.+-retries|.+-skipped)"
      name: "kafka_connect_$1_$4"
      labels:
        connector: "$2"
        task: "$3"
      help: "Kafka Connect JMX metric type $1"
      type: "GAUGE"
    - pattern: "kafka.connect<type=connect-worker-metrics, connector=(.+)><>([a-z-]+)"
      name: "kafka_connect_worker_$2"
      labels:
        connector: "$1"
      help: "Kafka Connect JMX metric $1"
      type: "GAUGE"
    - pattern: "kafka.connect<type=connect-worker-metrics><>([a-z-]+)"
      name: "kafka_connect_worker_$1"
      help: "Kafka Connect JMX metric worker"
      type: "GAUGE"
    - pattern: "kafka.connect<type=connect-worker-rebalance-metrics><>([a-z-]+)"
      name: "kafka_connect_worker_rebalance_$1"
      help: "Kafka Connect JMX metric rebalance information"
      type: "GAUGE"
---
apiVersion: v1
kind: ConfigMap
metadata:
  name: game-demo
data:
  player_initial_lives: 3
  ui_properties_file_name: user-interface.properties
  game.properties: |
    enemy.types=aliens,monsters
    player.maximum-lives=5
  user-interface.properties: |-
    color.good=purple
    color.bad=yellow
    allow.textmode=true